
> ecommerce-ui@0.0.0 build
> ng build

[33mΓ¥»[39m Building...
[32mΓ£ö[39m Building...
[1mInitial chunk files[22m  [2m | [22m[1mNames[22m          [2m | [22m [1mRaw size[22m[2m | [22m[1mEstimated transfer size[22m
[32mstyles-JBSUHIKX.css[39m  [2m | [22m[2mstyles[22m         [2m | [22m  [36m1.35 MB[39m[2m | [22m              [36m177.05 kB[39m
[32mchunk-DCM4YX7Q.js[39m    [2m | [22m[2m-[22m              [2m | [22m[36m374.84 kB[39m[2m | [22m              [36m102.01 kB[39m
[32mchunk-Z3XWGAN5.js[39m    [2m | [22m[2m-[22m              [2m | [22m[36m130.37 kB[39m[2m | [22m               [36m38.80 kB[39m
[32mpolyfills-5CFQRCPP.js[39m[2m | [22m[2mpolyfills[22m      [2m | [22m [36m34.59 kB[39m[2m | [22m               [36m11.33 kB[39m
[32mmain-45JWJRJR.js[39m     [2m | [22m[2mmain[22m           [2m | [22m  [36m2.46 kB[39m[2m | [22m                [36m1.02 kB[39m

[1m [22m                    [2m | [22m[1mInitial total[22m  [2m | [22m  [1m[91m1.89 MB[39m[22m[2m | [22m              [1m330.21 kB[22m

[1mLazy chunk files[22m     [2m | [22m[1mNames[22m          [2m | [22m [1mRaw size[22m[2m | [22m[1mEstimated transfer size[22m
[32mchunk-NFMFGS4H.js[39m    [2m | [22m[2m-[22m              [2m | [22m[36m675.28 kB[39m[2m | [22m              [36m115.45 kB[39m
[32mchunk-FQVMU35L.js[39m    [2m | [22m[2mregister[22m       [2m | [22m  [36m3.76 kB[39m[2m | [22m                [36m1.56 kB[39m
[32mchunk-IPI4MSL6.js[39m    [2m | [22m[2mlogin[22m          [2m | [22m  [36m3.46 kB[39m[2m | [22m                [36m1.53 kB[39m
[32mchunk-MDNGRVJ6.js[39m    [2m | [22m[2madmin-dashboard[22m[2m | [22m[36m326 bytes[39m[2m | [22m              [36m326 bytes[39m
[32mchunk-D6YNZRWP.js[39m    [2m | [22m[2madmin-layout[22m   [2m | [22m[36m317 bytes[39m[2m | [22m              [36m317 bytes[39m
[32mchunk-V25YKG3H.js[39m    [2m | [22m[2mproduct-list[22m   [2m | [22m[36m317 bytes[39m[2m | [22m              [36m317 bytes[39m
[32mchunk-4DR7LG6N.js[39m    [2m | [22m[2mmain-layout[22m    [2m | [22m[36m314 bytes[39m[2m | [22m              [36m314 bytes[39m
[32mchunk-ZZ2OZMRS.js[39m    [2m | [22m[2morder-list[22m     [2m | [22m[36m311 bytes[39m[2m | [22m              [36m311 bytes[39m
[32mchunk-5GEP5X5K.js[39m    [2m | [22m[2mcart-view[22m      [2m | [22m[36m308 bytes[39m[2m | [22m              [36m308 bytes[39m
[32mchunk-RMNQHVEJ.js[39m    [2m | [22m[2mprofile[22m        [2m | [22m[36m303 bytes[39m[2m | [22m              [36m303 bytes[39m

Application bundle generation failed. [3.655 seconds] - 2026-03-08T09:48:54.304Z

node.exe : [1m[33m[33mΓû▓ 
[43;33m[[43;30mWARNING[43;33m][0m 
[1mDeprecation[0m [1m[35m[plugin angular-sass][0m
At C:\Program Files\nodejs\npm.ps1:29 char:3
+   & $NODE_EXE $NPM_CLI_JS $args
+   ~~~~~~~~~~~~~~~~~~~~~~~~~~~~~
    + CategoryInfo          : NotSpecified: ([1m[33m 
   [33mΓ...gular-sass][0m:String) [], RemoteExcepti  
  on
    + FullyQualifiedErrorId : NativeCommandError
 

    src/styles.scss:2:8:
[37m      2 Γöé @import 
[32m[37m'bootstrap/scss/bootstrap';
        Γò╡         [32m^[0m


  Sass @import rules are deprecated and will be 
removed in Dart Sass 3.0.0.
  
  More info and automated migrator: 
[4mhttps://sass-lang.com/d/import[0m

  The plugin "angular-sass" was triggered by this 
import

    angular:styles/global:styles:6:8:
[37m      6 Γöé @import [32m'src/styles.scss'[37m;
        Γò╡         [32m~~~~~~~~~~~~~~~~~[0m


[33mΓû▓ [43;33m[[43;30mWARNING[43;33m][0m 
[1mbundle initial exceeded maximum budget. Budget 
500.00 kB was not met by 1.39 MB with a total of 1.89 
MB.[0m

[39m[22m
[1m[31m[31mX [41;31m[[41;97mERROR[41;31m][0m 
[1mbundle initial exceeded maximum budget. Budget 
1.00 MB was not met by 894.01 kB with a total of 1.89 
MB.[0m

[39m[22m
